// Jest Snapshot v1, https://goo.gl/fbAQLP

exports[`Calculator renders the Calculator component correctly 1`] = `
<div
  className="calculator-body"
>
  <div
    className="calc-result"
    data-testid="result"
  />
  <div
    className="assign-operators"
  >
    <div
      className="first-row"
    >
      <button
        className="keys"
        id="clearAll"
        onClick={[Function]}
        type="button"
      >
        AC
      </button>
      <button
        className="keys"
        id="backspace"
        onClick={[Function]}
        type="button"
      >
        +/-
      </button>
      <button
        className="keys"
        name="%"
        onClick={[Function]}
        type="button"
      >
        %
      </button>
      <button
        className="keys special"
        id="division"
        name="/"
        onClick={[Function]}
        type="button"
      >
        รท
      </button>
    </div>
    <div
      className="second-row"
    >
      <button
        className="keys"
        name="7"
        onClick={[Function]}
        type="button"
      >
        7
      </button>
      <button
        className="keys"
        name="8"
        onClick={[Function]}
        type="button"
      >
        8
      </button>
      <button
        className="keys"
        name="9"
        onClick={[Function]}
        type="button"
      >
        9
      </button>
      <button
        className="keys special"
        name="*"
        onClick={[Function]}
        type="button"
      >
        x
      </button>
    </div>
    <div
      className="third-row"
    >
      <button
        className="keys"
        name="4"
        onClick={[Function]}
        type="button"
      >
        4
      </button>
      <button
        className="keys"
        name="5"
        onClick={[Function]}
        type="button"
      >
        5
      </button>
      <button
        className="keys"
        name="6"
        onClick={[Function]}
        type="button"
      >
        6
      </button>
      <button
        className="keys special"
        name="-"
        onClick={[Function]}
        type="button"
      >
        -
      </button>
    </div>
    <div
      className="fourth-row"
    >
      <button
        className="keys"
        name="1"
        onClick={[Function]}
        type="button"
      >
        1
      </button>
      <button
        className="keys"
        name="2"
        onClick={[Function]}
        type="button"
      >
        2
      </button>
      <button
        className="keys"
        name="3"
        onClick={[Function]}
        type="button"
      >
        3
      </button>
      <button
        className="keys special"
        name="+"
        onClick={[Function]}
        type="button"
      >
        +
      </button>
    </div>
  </div>
  <div
    className="firth-row"
  >
    <button
      className="keys zero-width"
      name="0"
      onClick={[Function]}
      type="button"
    >
      0
    </button>
    <button
      className="keys dot-width"
      name="."
      onClick={[Function]}
      type="button"
    >
      .
    </button>
    <button
      className="keys special"
      id="results"
      onClick={[Function]}
      type="button"
    >
      =
    </button>
  </div>
</div>
`;
