// Jest Snapshot v1, https://goo.gl/fbAQLP

exports[`Navbar renders the Navbar correctly 1`] = `
<div>
  <nav>
    <a
      className="logo"
      href="/"
      onClick={[Function]}
    >
      Math Magicians
    </a>
    <ul>
      <li>
        <a
          href="/"
          onClick={[Function]}
        >
          Home
        </a>
      </li>
      <li>
        <a
          href="/calculator"
          onClick={[Function]}
        >
          Calculator
        </a>
      </li>
      <li>
        <a
          href="/quote"
          onClick={[Function]}
        >
          Quote
        </a>
      </li>
    </ul>
  </nav>
</div>
`;
